// Jest Snapshot v1, https://goo.gl/fbAQLP

exports[`renders correctly with no pets 1`] = `
<div
  className="grid gap-4 grid-cols-1 sm:grid-cols-2 lg:grid-cols-3 py-4"
>
  <h1>
    No Pets Found
  </h1>
</div>
`;
